127.0.0.1 - - [30/Jun/2023:09:43:41 +0900] "GET / HTTP/1.1" 404 807
0:0:0:0:0:0:0:1 - - [30/Jun/2023:09:43:41 +0900] "GET /01_servlet/Ex01 HTTP/1.1" 200 -
0:0:0:0:0:0:0:1 - - [30/Jun/2023:09:43:41 +0900] "GET /favicon.ico HTTP/1.1" 404 818
127.0.0.1 - - [30/Jun/2023:10:08:43 +0900] "GET / HTTP/1.1" 404 807
0:0:0:0:0:0:0:1 - - [30/Jun/2023:10:08:43 +0900] "GET /01_servlet/Ex01 HTTP/1.1" 200 -
127.0.0.1 - - [30/Jun/2023:10:15:09 +0900] "GET / HTTP/1.1" 404 807
0:0:0:0:0:0:0:1 - - [30/Jun/2023:10:15:09 +0900] "GET /01_servlet/Ex01 HTTP/1.1" 200 -
0:0:0:0:0:0:0:1 - - [30/Jun/2023:10:19:26 +0900] "GET /01_servlet/ictedu HTTP/1.1" 404 828
0:0:0:0:0:0:0:1 - - [30/Jun/2023:10:19:55 +0900] "GET /01_servlet/ictedu HTTP/1.1" 404 828
0:0:0:0:0:0:0:1 - - [30/Jun/2023:10:20:39 +0900] "GET /01_servlet/ictedu HTTP/1.1" 404 828
127.0.0.1 - - [30/Jun/2023:10:48:49 +0900] "GET / HTTP/1.1" 404 807
0:0:0:0:0:0:0:1 - - [30/Jun/2023:10:48:49 +0900] "GET /01_servlet/ictedu HTTP/1.1" 200 628
0:0:0:0:0:0:0:1 - - [30/Jun/2023:10:50:06 +0900] "GET /01_servlet/ictedu HTTP/1.1" 200 628
127.0.0.1 - - [30/Jun/2023:10:50:50 +0900] "GET / HTTP/1.1" 404 807
0:0:0:0:0:0:0:1 - - [30/Jun/2023:10:50:50 +0900] "GET /01_servlet/ictedu HTTP/1.1" 200 628
127.0.0.1 - - [30/Jun/2023:10:51:46 +0900] "GET / HTTP/1.1" 404 807
0:0:0:0:0:0:0:1 - - [30/Jun/2023:10:51:46 +0900] "GET /01_servlet/ictedu HTTP/1.1" 200 627
127.0.0.1 - - [30/Jun/2023:10:52:56 +0900] "GET / HTTP/1.1" 404 807
0:0:0:0:0:0:0:1 - - [30/Jun/2023:10:52:56 +0900] "GET /01_servlet/ictedu HTTP/1.1" 200 537
127.0.0.1 - - [30/Jun/2023:10:53:50 +0900] "GET / HTTP/1.1" 404 807
0:0:0:0:0:0:0:1 - - [30/Jun/2023:10:53:50 +0900] "GET /01_servlet/ictedu HTTP/1.1" 200 627
127.0.0.1 - - [30/Jun/2023:10:55:22 +0900] "GET / HTTP/1.1" 404 807
0:0:0:0:0:0:0:1 - - [30/Jun/2023:10:55:22 +0900] "GET /01_servlet/ictedu HTTP/1.1" 200 627
127.0.0.1 - - [30/Jun/2023:10:56:22 +0900] "GET / HTTP/1.1" 404 807
0:0:0:0:0:0:0:1 - - [30/Jun/2023:10:56:23 +0900] "GET /01_servlet/ictedu HTTP/1.1" 200 606
127.0.0.1 - - [30/Jun/2023:10:57:00 +0900] "GET / HTTP/1.1" 404 807
0:0:0:0:0:0:0:1 - - [30/Jun/2023:10:57:00 +0900] "GET /01_servlet/ictedu HTTP/1.1" 200 607
127.0.0.1 - - [30/Jun/2023:11:10:53 +0900] "GET / HTTP/1.1" 404 807
0:0:0:0:0:0:0:1 - - [30/Jun/2023:11:10:53 +0900] "GET /01_servlet/Ex03 HTTP/1.1" 200 47
127.0.0.1 - - [30/Jun/2023:11:34:38 +0900] "GET / HTTP/1.1" 404 807
0:0:0:0:0:0:0:1 - - [30/Jun/2023:11:34:38 +0900] "GET /01_servlet/Ex03 HTTP/1.1" 200 282
127.0.0.1 - - [30/Jun/2023:11:38:00 +0900] "GET / HTTP/1.1" 404 807
0:0:0:0:0:0:0:1 - - [30/Jun/2023:11:38:00 +0900] "GET /01_servlet/Ex03 HTTP/1.1" 200 367
127.0.0.1 - - [30/Jun/2023:11:38:28 +0900] "GET / HTTP/1.1" 404 807
0:0:0:0:0:0:0:1 - - [30/Jun/2023:11:38:29 +0900] "GET /01_servlet/Ex03 HTTP/1.1" 200 393
127.0.0.1 - - [30/Jun/2023:11:47:40 +0900] "GET / HTTP/1.1" 404 807
0:0:0:0:0:0:0:1 - - [30/Jun/2023:11:47:40 +0900] "GET /01_servlet/Ex04 HTTP/1.1" 200 177
0:0:0:0:0:0:0:1 - - [30/Jun/2023:11:47:42 +0900] "GET /01_servlet/Ex03 HTTP/1.1" 200 393
0:0:0:0:0:0:0:1 - - [30/Jun/2023:11:47:44 +0900] "GET /01_servlet/Ex03 HTTP/1.1" 200 393
127.0.0.1 - - [30/Jun/2023:11:48:13 +0900] "GET / HTTP/1.1" 404 807
0:0:0:0:0:0:0:1 - - [30/Jun/2023:11:48:14 +0900] "GET /01_servlet/Ex04 HTTP/1.1" 200 178
0:0:0:0:0:0:0:1 - - [30/Jun/2023:11:48:55 +0900] "GET /01_servlet/Ex03 HTTP/1.1" 200 393
127.0.0.1 - - [30/Jun/2023:12:17:47 +0900] "GET / HTTP/1.1" 404 807
0:0:0:0:0:0:0:1 - - [30/Jun/2023:12:17:47 +0900] "GET /01_servlet/Ex05 HTTP/1.1" 200 102
0:0:0:0:0:0:0:1 - - [30/Jun/2023:12:21:05 +0900] "GET /01_servlet/Ex05?id=park123&pw=ab123 HTTP/1.1" 200 106
0:0:0:0:0:0:0:1 - - [30/Jun/2023:12:22:25 +0900] "GET /01_servlet/Ex05?id=%EB%B0%95123&pw=ab123 HTTP/1.1" 200 105
127.0.0.1 - - [30/Jun/2023:12:50:58 +0900] "GET / HTTP/1.1" 404 807
0:0:0:0:0:0:0:1 - - [30/Jun/2023:12:50:59 +0900] "GET /01_servlet/view/ex06.html HTTP/1.1" 200 537
0:0:0:0:0:0:0:1 - - [30/Jun/2023:12:51:29 +0900] "GET /01_servlet/Ex06?name=%EA%B9%80%EB%91%98%EB%A6%AC&age=23 HTTP/1.1" 200 108
0:0:0:0:0:0:0:1 - - [30/Jun/2023:12:51:55 +0900] "GET /01_servlet/Ex06?name=%EA%B9%80%EB%91%98%EB%A6%AC&age=23 HTTP/1.1" 200 108
127.0.0.1 - - [30/Jun/2023:13:10:12 +0900] "GET / HTTP/1.1" 404 807
0:0:0:0:0:0:0:1 - - [30/Jun/2023:13:10:13 +0900] "GET /01_servlet/view/ex07.html HTTP/1.1" 200 664
0:0:0:0:0:0:0:1 - - [30/Jun/2023:13:17:08 +0900] "GET /01_servlet/view/ex07.html HTTP/1.1" 200 771
0:0:0:0:0:0:0:1 - - [30/Jun/2023:13:17:51 +0900] "GET /01_servlet/view/ex07.html HTTP/1.1" 200 839
0:0:0:0:0:0:0:1 - - [30/Jun/2023:13:18:22 +0900] "GET /01_servlet/view/ex07.html HTTP/1.1" 200 888
0:0:0:0:0:0:0:1 - - [30/Jun/2023:13:18:55 +0900] "GET /01_servlet/view/ex07.html HTTP/1.1" 200 934
0:0:0:0:0:0:0:1 - - [30/Jun/2023:13:19:43 +0900] "GET /01_servlet/view/ex07.html HTTP/1.1" 200 1003
0:0:0:0:0:0:0:1 - - [30/Jun/2023:13:20:12 +0900] "GET /01_servlet/view/ex07.html HTTP/1.1" 200 1003
0:0:0:0:0:0:0:1 - - [30/Jun/2023:13:20:34 +0900] "GET /01_servlet/view/ex07.html HTTP/1.1" 200 1003
0:0:0:0:0:0:0:1 - - [30/Jun/2023:14:12:41 +0900] "GET /01_servlet/Ex07?s1=3&s2=2 HTTP/1.1" 200 5
127.0.0.1 - - [30/Jun/2023:14:20:09 +0900] "GET / HTTP/1.1" 404 807
0:0:0:0:0:0:0:1 - - [30/Jun/2023:14:20:10 +0900] "GET /01_servlet/view/ex07.html HTTP/1.1" 304 -
0:0:0:0:0:0:0:1 - - [30/Jun/2023:14:20:24 +0900] "GET /01_servlet/Ex07?s1=1&s2=1 HTTP/1.1" 200 74
0:0:0:0:0:0:0:1 - - [30/Jun/2023:14:20:33 +0900] "GET /01_servlet/Ex07?s1=2&s2=2 HTTP/1.1" 200 74
0:0:0:0:0:0:0:1 - - [30/Jun/2023:14:21:17 +0900] "GET /01_servlet/view/ex07.html HTTP/1.1" 304 -
0:0:0:0:0:0:0:1 - - [30/Jun/2023:14:21:21 +0900] "GET /01_servlet/Ex07?s1=1&s2=1 HTTP/1.1" 200 74
0:0:0:0:0:0:0:1 - - [30/Jun/2023:14:21:44 +0900] "GET /01_servlet/Ex07?s1=2&s2=2 HTTP/1.1" 200 74
0:0:0:0:0:0:0:1 - - [30/Jun/2023:14:31:16 +0900] "GET /01_servlet/view/ex07.html HTTP/1.1" 304 -
0:0:0:0:0:0:0:1 - - [30/Jun/2023:14:31:25 +0900] "GET /01_servlet/Ex07?s1=2&s2=3 HTTP/1.1" 500 1342
127.0.0.1 - - [30/Jun/2023:14:31:39 +0900] "GET / HTTP/1.1" 404 807
0:0:0:0:0:0:0:1 - - [30/Jun/2023:14:31:44 +0900] "GET /01_servlet/Ex07?s1=2&s2=2 HTTP/1.1" 500 1342
0:0:0:0:0:0:0:1 - - [30/Jun/2023:14:33:06 +0900] "GET /01_servlet/Ex07?s1=2&s2=2 HTTP/1.1" 500 1342
0:0:0:0:0:0:0:1 - - [30/Jun/2023:14:33:14 +0900] "GET /01_servlet/Ex07 HTTP/1.1" 500 1365
0:0:0:0:0:0:0:1 - - [30/Jun/2023:14:33:28 +0900] "GET /01_servlet/Ex07?s1=6&s2=6 HTTP/1.1" 500 1342
0:0:0:0:0:0:0:1 - - [30/Jun/2023:14:36:04 +0900] "GET /01_servlet/Ex07?s1=6&s2=6 HTTP/1.1" 500 1342
127.0.0.1 - - [30/Jun/2023:14:36:19 +0900] "GET / HTTP/1.1" 404 807
0:0:0:0:0:0:0:1 - - [30/Jun/2023:14:36:27 +0900] "GET /01_servlet/Ex07?s1=4&s2=0 HTTP/1.1" 200 59
0:0:0:0:0:0:0:1 - - [30/Jun/2023:14:36:36 +0900] "GET /01_servlet/Ex07?s1=4&s2=1 HTTP/1.1" 200 59
0:0:0:0:0:0:0:1 - - [30/Jun/2023:14:36:43 +0900] "GET /01_servlet/Ex07?s1=4&s2=1 HTTP/1.1" 200 59
0:0:0:0:0:0:0:1 - - [30/Jun/2023:14:37:37 +0900] "GET /01_servlet/Ex07?s1=4&s2=1 HTTP/1.1" 200 59
127.0.0.1 - - [30/Jun/2023:14:39:12 +0900] "GET / HTTP/1.1" 404 807
0:0:0:0:0:0:0:1 - - [30/Jun/2023:14:39:13 +0900] "GET /01_servlet/Ex07 HTTP/1.1" 200 59
0:0:0:0:0:0:0:1 - - [30/Jun/2023:14:40:17 +0900] "GET /01_servlet/view/ex07.html HTTP/1.1" 200 1668
0:0:0:0:0:0:0:1 - - [30/Jun/2023:14:44:40 +0900] "GET /01_servlet/view/ex07.html HTTP/1.1" 200 1869
0:0:0:0:0:0:0:1 - - [30/Jun/2023:14:45:10 +0900] "GET /01_servlet/view/ex07.html?s1=1&s2=1 HTTP/1.1" 200 1869
0:0:0:0:0:0:0:1 - - [30/Jun/2023:14:45:10 +0900] "GET /01_servlet/view/ex07.html?s1=&s2= HTTP/1.1" 200 1869
0:0:0:0:0:0:0:1 - - [30/Jun/2023:14:45:14 +0900] "GET /01_servlet/view/ex07.html?s1=&s2= HTTP/1.1" 304 -
0:0:0:0:0:0:0:1 - - [30/Jun/2023:14:45:20 +0900] "GET /01_servlet/view/ex07.html?s1=1&s2=1 HTTP/1.1" 304 -
0:0:0:0:0:0:0:1 - - [30/Jun/2023:14:46:19 +0900] "GET /01_servlet/view/ex07.html?s1=1&s2=1 HTTP/1.1" 200 1871
0:0:0:0:0:0:0:1 - - [30/Jun/2023:14:46:23 +0900] "GET /01_servlet/Ex07?s1=1&s2=1 HTTP/1.1" 200 59
0:0:0:0:0:0:0:1 - - [30/Jun/2023:14:49:14 +0900] "GET /01_servlet/view/ex07.html?s1=1&s2=1 HTTP/1.1" 200 2087
0:0:0:0:0:0:0:1 - - [30/Jun/2023:14:49:19 +0900] "GET /01_servlet/Ex07?s1=&s2=1 HTTP/1.1" 200 59
127.0.0.1 - - [30/Jun/2023:14:57:56 +0900] "GET / HTTP/1.1" 404 807
0:0:0:0:0:0:0:1 - - [30/Jun/2023:14:57:56 +0900] "GET /01_servlet/view/ex08.html HTTP/1.1" 200 641
127.0.0.1 - - [30/Jun/2023:15:05:53 +0900] "GET / HTTP/1.1" 404 807
0:0:0:0:0:0:0:1 - - [30/Jun/2023:15:05:53 +0900] "GET /01_servlet/view/ex08.html HTTP/1.1" 200 657
0:0:0:0:0:0:0:1 - - [30/Jun/2023:15:06:04 +0900] "POST /01_servlet/Ex08 HTTP/1.1" 200 39
127.0.0.1 - - [30/Jun/2023:15:08:40 +0900] "GET / HTTP/1.1" 404 807
0:0:0:0:0:0:0:1 - - [30/Jun/2023:15:08:41 +0900] "GET /01_servlet/view/ex08.html HTTP/1.1" 304 -
0:0:0:0:0:0:0:1 - - [30/Jun/2023:15:08:51 +0900] "POST /01_servlet/Ex08 HTTP/1.1" 200 36
0:0:0:0:0:0:0:1 - - [30/Jun/2023:15:09:54 +0900] "GET /01_servlet/view/ex08.html HTTP/1.1" 304 -
0:0:0:0:0:0:0:1 - - [30/Jun/2023:15:10:02 +0900] "POST /01_servlet/Ex08 HTTP/1.1" 200 77
127.0.0.1 - - [30/Jun/2023:15:15:19 +0900] "GET / HTTP/1.1" 404 807
0:0:0:0:0:0:0:1 - - [30/Jun/2023:15:15:19 +0900] "GET /01_servlet/view/ex08.html HTTP/1.1" 304 -
0:0:0:0:0:0:0:1 - - [30/Jun/2023:15:15:29 +0900] "POST /01_servlet/Ex08 HTTP/1.1" 200 111
0:0:0:0:0:0:0:1 - - [30/Jun/2023:15:16:08 +0900] "GET /01_servlet/view/ex08.html HTTP/1.1" 304 -
0:0:0:0:0:0:0:1 - - [30/Jun/2023:15:17:01 +0900] "POST /01_servlet/Ex08 HTTP/1.1" 200 111
